app/layout.tsx(36,11): error TS17002: Expected corresponding JSX closing tag for 'body'.
app/layout.tsx(37,9): error TS17002: Expected corresponding JSX closing tag for 'html'.
app/layout.tsx(38,5): error TS1005: ')' expected.
app/layout.tsx(39,3): error TS1109: Expression expected.
